"sample",2010,1,10.3
"sample",2010,2,13.3
"sample",2010,3,15.6
"sample",2010,4,18.9
"sample",2010,5,20.4
"sample",2010,6,24.6
"sample",2010,7,26.1
